<?xml version="1.0" encoding="UTF-8"?>
<testsuites name="jest tests" tests="6" failures="0" errors="0" time="1.045">
  <testsuite name="ptjnb" errors="0" failures="0" skipped="0" timestamp="2026-02-06T12:55:17" time="0.681" tests="6">
    <testcase classname="ptjnb creates a valid notebook skeleton" name="ptjnb creates a valid notebook skeleton" time="0.001">
    </testcase>
    <testcase classname="ptjnb creates a single code cell when no markers are present" name="ptjnb creates a single code cell when no markers are present" time="0">
    </testcase>
    <testcase classname="ptjnb detects markdown-only cells" name="ptjnb detects markdown-only cells" time="0">
    </testcase>
    <testcase classname="ptjnb keeps mixed content as code" name="ptjnb keeps mixed content as code" time="0.001">
    </testcase>
    <testcase classname="ptjnb produces executable code cells with no outputs" name="ptjnb produces executable code cells with no outputs" time="0">
    </testcase>
    <testcase classname="ptjnb consecutive code cells" name="ptjnb consecutive code cells" time="0.001">
    </testcase>
  </testsuite>
</testsuites>